// Jest Snapshot v1, https://goo.gl/fbAQLP

exports[`<BrowseReviews /> BrowseReviews Component should render correctly 1`] = `
<div
  className="BrowseReviews"
  style={
    Object {
      "overflowX": "auto",
    }
  }
>
  <Loader
    active={false}
  />
  <div>
    <Connect(BackButton)
      preset="coursePage"
    />
    <Link
      style={
        Object {
          "textAlign": "center",
        }
      }
      to="/labtool/courses/TKT20010.2018.K.A.1"
    >
      <h2>
         
        Aineopintojen harjoitustyö: Tietorakenteet ja algoritmit
         
      </h2>
    </Link>
    <Card
      className="studentCard"
      color="yellow"
      fluid={true}
      key="0"
    >
      <CardContent>
        <h2>
          Maarit Mirja
           
          Opiskelija
           (
          014578343
          )
        </h2>
        <h3>
          <a
            href="mailto:maarit.opiskelija@helsinki.fi"
          >
            maarit.opiskelija@helsinki.fi
          </a>
        </h3>
        <h3>
          Tiran labraprojekti
           
          <a
            href="http://github.com/tiralabra1"
            rel="noopener noreferrer"
            target="_blank"
          >
            http://github.com/tiralabra1
          </a>
        </h3>
        <p>
          Has dropped course: false
        </p>
        <Button
          as="button"
          onClick={[Function]}
        >
          Mark as dropped
        </Button>
        <p
          className="noPrevious"
        >
          Has not taken part in this course before
        </p>
      </CardContent>
    </Card>
    <span
      key="1"
    >
      <Button
        as="button"
        onClick={[Function]}
        size="small"
        type="button"
      >
        Show all reviews
      </Button>
      <br />
    </span>
    <Accordion
      fluid={true}
      key="2"
      styled={true}
    >
      <AccordionTitle
        index={0}
        onClick={[Function]}
      >
        <Icon
          as="i"
          name="dropdown"
        />
         
        Week 1
        , points 
        3
      </AccordionTitle>
      <AccordionContent>
        <Card
          color="yellow"
          fluid={true}
        >
          <CardContent>
            <h4>
               Points 
              3
               
            </h4>
            <h4>
               Feedback 
            </h4>
            <ReactMarkdown
              astPlugins={Array []}
              escapeHtml={true}
              parserOptions={Object {}}
              plugins={Array []}
              rawSourcePos={false}
              renderers={Object {}}
              skipHtml={false}
              sourcePos={false}
              transformLinkUri={[Function]}
            >
              Hienoa työtä!
            </ReactMarkdown>
             
            <span />
          </CardContent>
          <CardContent
            style={
              Object {
                "paddingBottom": "5px",
              }
            }
          >
            <Button
              as="button"
              onClick={[Function]}
              size="small"
              type="button"
            >
              Send email notification
            </Button>
          </CardContent>
        </Card>
        <h4>
           Comments 
        </h4>
        <CommentGroup />
        <Form
          as="form"
          id={10001}
          name={10001}
          onSubmit={[Function]}
          reply={true}
        >
          <FormMarkdownTextArea
            defaultValue=""
            name="content"
            placeholder="Your comment..."
          />
          <FormCheckbox
            as={[Function]}
            control={[Function]}
            label="Add comment for instructors only"
            name="hidden"
          />
          <Button
            as="button"
            content="Add Reply"
            icon="edit"
            labelPosition="left"
            primary={true}
          />
        </Form>
        <h3>
          Review
        </h3>
        <Link
          to="/labtool/reviewstudent/TKT20010.2018.K.A.1/10011/1"
        >
          <Popup
            content="Edit review"
            disabled={false}
            eventsEnabled={true}
            offset={0}
            on={
              Array [
                "click",
                "hover",
              ]
            }
            pinned={false}
            position="top left"
            trigger={
              <Button
                as="button"
                circular={true}
                color="orange"
                icon={
                  Object {
                    "color": "black",
                    "name": "edit",
                    "size": "large",
                  }
                }
                size="tiny"
              />
            }
          />
        </Link>
      </AccordionContent>
    </Accordion>
    <Accordion
      fluid={true}
      key="3"
      styled={true}
    >
      <AccordionTitle
        index={1}
        onClick={[Function]}
      >
        <Icon
          as="i"
          name="dropdown"
        />
         
        Week 2
        , points 
        2
      </AccordionTitle>
      <AccordionContent>
        <Card
          color="yellow"
          fluid={true}
        >
          <CardContent>
            <h4>
               Points 
              2
               
            </h4>
            <h4>
               Feedback 
            </h4>
            <ReactMarkdown
              astPlugins={Array []}
              escapeHtml={true}
              parserOptions={Object {}}
              plugins={Array []}
              rawSourcePos={false}
              renderers={Object {}}
              skipHtml={false}
              sourcePos={false}
              transformLinkUri={[Function]}
            >
              Melko hienoa työtä!
            </ReactMarkdown>
             
            <div>
              <br />
              <h4>
                Review notes for instructors 
              </h4>
              <ReactMarkdown
                astPlugins={Array []}
                escapeHtml={true}
                parserOptions={Object {}}
                plugins={Array []}
                rawSourcePos={false}
                renderers={Object {}}
                skipHtml={false}
                sourcePos={false}
                transformLinkUri={[Function]}
              >
                READMEssa ongelmia
              </ReactMarkdown>
               
            </div>
          </CardContent>
          <CardContent
            style={
              Object {
                "paddingBottom": "5px",
              }
            }
          >
            <Button
              as="button"
              onClick={[Function]}
              size="small"
              type="button"
            >
              Send email notification
            </Button>
          </CardContent>
        </Card>
        <h4>
           Comments 
        </h4>
        <CommentGroup />
        <Form
          as="form"
          id={10002}
          name={10002}
          onSubmit={[Function]}
          reply={true}
        >
          <FormMarkdownTextArea
            defaultValue=""
            name="content"
            placeholder="Your comment..."
          />
          <FormCheckbox
            as={[Function]}
            control={[Function]}
            label="Add comment for instructors only"
            name="hidden"
          />
          <Button
            as="button"
            content="Add Reply"
            icon="edit"
            labelPosition="left"
            primary={true}
          />
        </Form>
        <h3>
          Review
        </h3>
        <Link
          to="/labtool/reviewstudent/TKT20010.2018.K.A.1/10011/2"
        >
          <Popup
            content="Edit review"
            disabled={false}
            eventsEnabled={true}
            offset={0}
            on={
              Array [
                "click",
                "hover",
              ]
            }
            pinned={false}
            position="top left"
            trigger={
              <Button
                as="button"
                circular={true}
                color="orange"
                icon={
                  Object {
                    "color": "black",
                    "name": "edit",
                    "size": "large",
                  }
                }
                size="tiny"
              />
            }
          />
        </Link>
      </AccordionContent>
    </Accordion>
    <Accordion
      fluid={true}
      key="4"
      styled={true}
    >
      <AccordionTitle
        index={2}
        onClick={[Function]}
      >
        <Icon
          as="i"
          name="dropdown"
        />
         
        Week 3
        , points 
        3
      </AccordionTitle>
      <AccordionContent>
        <Card
          color="yellow"
          fluid={true}
        >
          <CardContent>
            <h4>
               Points 
              3
               
            </h4>
            <h4>
               Feedback 
            </h4>
            <ReactMarkdown
              astPlugins={Array []}
              escapeHtml={true}
              parserOptions={Object {}}
              plugins={Array []}
              rawSourcePos={false}
              renderers={Object {}}
              skipHtml={false}
              sourcePos={false}
              transformLinkUri={[Function]}
            >
              Erittäin hienoa työtä!
            </ReactMarkdown>
             
            <span />
          </CardContent>
          <CardContent
            style={
              Object {
                "paddingBottom": "5px",
              }
            }
          >
            <Button
              as="button"
              onClick={[Function]}
              size="small"
              type="button"
            >
              Send email notification
            </Button>
          </CardContent>
        </Card>
        <h4>
           Comments 
        </h4>
        <CommentGroup />
        <Form
          as="form"
          id={10003}
          name={10003}
          onSubmit={[Function]}
          reply={true}
        >
          <FormMarkdownTextArea
            defaultValue=""
            name="content"
            placeholder="Your comment..."
          />
          <FormCheckbox
            as={[Function]}
            control={[Function]}
            label="Add comment for instructors only"
            name="hidden"
          />
          <Button
            as="button"
            content="Add Reply"
            icon="edit"
            labelPosition="left"
            primary={true}
          />
        </Form>
        <h3>
          Review
        </h3>
        <Link
          to="/labtool/reviewstudent/TKT20010.2018.K.A.1/10011/3"
        >
          <Popup
            content="Edit review"
            disabled={false}
            eventsEnabled={true}
            offset={0}
            on={
              Array [
                "click",
                "hover",
              ]
            }
            pinned={false}
            position="top left"
            trigger={
              <Button
                as="button"
                circular={true}
                color="orange"
                icon={
                  Object {
                    "color": "black",
                    "name": "edit",
                    "size": "large",
                  }
                }
                size="tiny"
              />
            }
          />
        </Link>
      </AccordionContent>
    </Accordion>
    <Accordion
      fluid={true}
      key="5"
      styled={true}
    >
      <AccordionTitle
        index={3}
        onClick={[Function]}
      >
        <Icon
          as="i"
          name="dropdown"
        />
         
        Week 4
        , points 
        3
      </AccordionTitle>
      <AccordionContent>
        <Card
          color="yellow"
          fluid={true}
        >
          <CardContent>
            <h4>
               Points 
              3
               
            </h4>
            <h4>
               Feedback 
            </h4>
            <ReactMarkdown
              astPlugins={Array []}
              escapeHtml={true}
              parserOptions={Object {}}
              plugins={Array []}
              rawSourcePos={false}
              renderers={Object {}}
              skipHtml={false}
              sourcePos={false}
              transformLinkUri={[Function]}
            >
              Hyvin menee!
            </ReactMarkdown>
             
            <span />
          </CardContent>
          <CardContent
            style={
              Object {
                "paddingBottom": "5px",
              }
            }
          >
            <Button
              as="button"
              onClick={[Function]}
              size="small"
              type="button"
            >
              Send email notification
            </Button>
          </CardContent>
        </Card>
        <h4>
           Comments 
        </h4>
        <CommentGroup />
        <Form
          as="form"
          id={10004}
          name={10004}
          onSubmit={[Function]}
          reply={true}
        >
          <FormMarkdownTextArea
            defaultValue=""
            name="content"
            placeholder="Your comment..."
          />
          <FormCheckbox
            as={[Function]}
            control={[Function]}
            label="Add comment for instructors only"
            name="hidden"
          />
          <Button
            as="button"
            content="Add Reply"
            icon="edit"
            labelPosition="left"
            primary={true}
          />
        </Form>
        <h3>
          Review
        </h3>
        <Link
          to="/labtool/reviewstudent/TKT20010.2018.K.A.1/10011/4"
        >
          <Popup
            content="Edit review"
            disabled={false}
            eventsEnabled={true}
            offset={0}
            on={
              Array [
                "click",
                "hover",
              ]
            }
            pinned={false}
            position="top left"
            trigger={
              <Button
                as="button"
                circular={true}
                color="orange"
                icon={
                  Object {
                    "color": "black",
                    "name": "edit",
                    "size": "large",
                  }
                }
                size="tiny"
              />
            }
          />
        </Link>
      </AccordionContent>
    </Accordion>
    <Accordion
      fluid={true}
      key="6"
      styled={true}
    >
      <AccordionTitle
        index={4}
        onClick={[Function]}
      >
        <Icon
          as="i"
          name="dropdown"
        />
         
        Week 5
         
      </AccordionTitle>
      <AccordionContent>
        <h4>
           Not Graded 
        </h4>
        <h4>
           No comments 
        </h4>
        <Link
          to="/labtool/reviewstudent/TKT20010.2018.K.A.1/10011/5"
        >
          <Popup
            content="Review week"
            disabled={false}
            eventsEnabled={true}
            offset={0}
            on={
              Array [
                "click",
                "hover",
              ]
            }
            pinned={false}
            position="top left"
            trigger={
              <Button
                as="button"
                circular={true}
                color="orange"
                icon={
                  Object {
                    "color": "black",
                    "name": "edit",
                    "size": "large",
                  }
                }
                size="tiny"
              />
            }
          />
        </Link>
      </AccordionContent>
    </Accordion>
    <Accordion
      fluid={true}
      key="7"
      styled={true}
    >
      <AccordionTitle
        index={5}
        onClick={[Function]}
      >
        <Icon
          as="i"
          name="dropdown"
        />
         
        Week 6
         
      </AccordionTitle>
      <AccordionContent>
        <h4>
           Not Graded 
        </h4>
        <h4>
           No comments 
        </h4>
        <Link
          to="/labtool/reviewstudent/TKT20010.2018.K.A.1/10011/6"
        >
          <Popup
            content="Review week"
            disabled={false}
            eventsEnabled={true}
            offset={0}
            on={
              Array [
                "click",
                "hover",
              ]
            }
            pinned={false}
            position="top left"
            trigger={
              <Button
                as="button"
                circular={true}
                color="orange"
                icon={
                  Object {
                    "color": "black",
                    "name": "edit",
                    "size": "large",
                  }
                }
                size="tiny"
              />
            }
          />
        </Link>
      </AccordionContent>
    </Accordion>
    <Accordion
      fluid={true}
      key="8"
      styled={true}
    >
      <AccordionTitle
        index={6}
        onClick={[Function]}
      >
        <Icon
          as="i"
          name="dropdown"
        />
         
        Week 7
         
      </AccordionTitle>
      <AccordionContent>
        <h4>
           Not Graded 
        </h4>
        <h4>
           No comments 
        </h4>
        <Link
          to="/labtool/reviewstudent/TKT20010.2018.K.A.1/10011/7"
        >
          <Popup
            content="Review week"
            disabled={false}
            eventsEnabled={true}
            offset={0}
            on={
              Array [
                "click",
                "hover",
              ]
            }
            pinned={false}
            position="top left"
            trigger={
              <Button
                as="button"
                circular={true}
                color="orange"
                icon={
                  Object {
                    "color": "black",
                    "name": "edit",
                    "size": "large",
                  }
                }
                size="tiny"
              />
            }
          />
        </Link>
      </AccordionContent>
    </Accordion>
  </div>
</div>
`;
