// Jest Snapshot v1, https://goo.gl/fbAQLP

exports[`<CourseImport /> CourseImport Component should render correctly 1`] = `
<Fragment>
  <DocumentTitle
    title="Course import"
  />
  <div
    className="CourseImport"
  >
    <div
      className="mainContainer"
    >
      <Header
        as="h2"
      >
        Import courses
      </Header>
      <Loader
        active={true}
      />
    </div>
  </div>
</Fragment>
`;
