// Vitest Snapshot v1, https://vitest.dev/guide/snapshot.html

exports[`<Courses /> > matches the rendered snapshot 1`] = `
<DocumentFragment>
  <div
    class="Courses"
  >
    <div
      class="mainContainer"
    >
      <h2
        class="ui header"
      >
        Courses
      </h2>
      <div>
        <div
          class="horizontalScrollableParent"
          style="overflow: hidden; box-sizing: border-box; margin-bottom: -50vh; padding-bottom: 50vh;"
        >
          <div
            style="overflow-x: visible; overflow-y: visible; position: relative;"
          >
            <table
              class="ui yellow single line table"
              style="overflow-x: visible;"
              tabindex="0"
            >
              <thead
                class=""
              >
                <tr
                  class=""
                >
                  <th
                    class=""
                    colspan="1"
                  >
                     
                  </th>
                  <th
                    class=""
                    colspan="1"
                  >
                    Course ID
                  </th>
                  <th
                    class=""
                    colspan="1"
                  >
                    Course name
                  </th>
                  <th
                    class=""
                    colspan="1"
                  >
                    Course start date
                  </th>
                  <th
                    class=""
                    colspan="2"
                  >
                     
                  </th>
                </tr>
              </thead>
              <tbody
                class=""
              >
                <tr
                  class=""
                >
                  <td
                    class=""
                  >
                    <div>
                      <div
                        class="ui ribbon label"
                        style="background-color: rgb(33, 186, 69);"
                      >
                        Active registration
                      </div>
                    </div>
                  </td>
                  <td
                    class=""
                  >
                    TKT20010 
                  </td>
                  <td
                    class=""
                  >
                    <strong>
                      <a
                        href="/labtool/courses/TKT20010.2018.K.A.1"
                      >
                        Aineopintojen harjoitustyö: Tietorakenteet ja algoritmit (periodi IV, 2017-2018)
                      </a>
                    </strong>
                  </td>
                  <td
                    class=""
                  >
                     11.03.2018 
                  </td>
                  <td
                    class="center aligned"
                  >
                    <a
                      class="ui tiny circular icon button"
                      href="/labtool/courses/TKT20010.2018.K.A.1"
                      role="button"
                    >
                      <i
                        aria-hidden="true"
                        class="blue eye large icon"
                      />
                    </a>
                  </td>
                </tr>
                <tr
                  class=""
                >
                  <td
                    class=""
                  >
                    <div>
                      <div
                        class="ui ribbon label"
                        style="background-color: rgb(33, 186, 69);"
                      >
                        Active registration
                      </div>
                    </div>
                  </td>
                  <td
                    class=""
                  >
                    TKT20002 
                  </td>
                  <td
                    class=""
                  >
                    <strong>
                      <a
                        href="/labtool/courses/TKT20002.2018.K.K.1"
                      >
                        Ohjelmistotekniikan menetelmät (spring, 2018)
                      </a>
                    </strong>
                  </td>
                  <td
                    class=""
                  >
                     11.03.2018 
                  </td>
                  <td
                    class="center aligned"
                  >
                    <a
                      class="ui tiny circular icon button"
                      href="/labtool/courses/TKT20002.2018.K.K.1"
                      role="button"
                    >
                      <i
                        aria-hidden="true"
                        class="blue eye large icon"
                      />
                    </a>
                  </td>
                </tr>
                <tr
                  class=""
                >
                  <td
                    class=""
                  >
                    <div />
                  </td>
                  <td
                    class=""
                  >
                    TKT20011 
                  </td>
                  <td
                    class=""
                  >
                    <strong>
                      <a
                        href="/labtool/courses/TKT20011.2018.K.A.1"
                      >
                        Aineopintojen harjoitustyö: Tietokantasovellus (periodi III, 2017-2018)
                      </a>
                    </strong>
                  </td>
                  <td
                    class=""
                  >
                     16.01.2018 
                  </td>
                  <td
                    class="center aligned"
                  >
                    <a
                      class="ui tiny circular icon button"
                      href="/labtool/courses/TKT20011.2018.K.A.1"
                      role="button"
                    >
                      <i
                        aria-hidden="true"
                        class="blue eye large icon"
                      />
                    </a>
                  </td>
                </tr>
              </tbody>
            </table>
          </div>
          <div
            style="overflow-x: auto; bottom: 0px; position: relative; z-index: auto; max-width: 0px; width: 0px;"
          >
            <div
              style="width: 0px; height: 1px;"
            />
          </div>
        </div>
      </div>
    </div>
  </div>
</DocumentFragment>
`;
