// Vitest Snapshot v1, https://vitest.dev/guide/snapshot.html

exports[`<CreateChecklist /> component > matches the rendered snapshot 1`] = `
<DocumentFragment>
  <div
    class="CreateChecklist"
  >
    <a
      href="/labtool/ModifyCourseInstancePage/TKT20010.2018.K.A.1"
    >
      <button
        class="ui compact button"
      >
        <i
          aria-hidden="true"
          class="angle left icon"
        />
        <span>
          Back to course editing
        </span>
      </button>
    </a>
    <br />
    <br />
    <div
      class="ui header"
    >
      Aineopintojen harjoitustyö: Tietorakenteet ja algoritmit
    </div>
    <div
      class="editForm"
    >
      <div
        class="topOptions"
      >
        <div
          aria-expanded="false"
          class="ui selection dropdown"
          id="weekDropdown"
          role="listbox"
          tabindex="0"
        >
          <div
            aria-atomic="true"
            aria-live="polite"
            class="divider text"
            role="alert"
          >
            Week 6
          </div>
          <i
            aria-hidden="true"
            class="dropdown icon"
          />
          <div
            class="menu transition"
          >
            <div
              aria-checked="false"
              aria-selected="false"
              class="item"
              role="option"
              style="pointer-events: all;"
            >
              <span
                class="text"
              >
                Week 1
              </span>
            </div>
            <div
              aria-checked="false"
              aria-selected="false"
              class="item"
              role="option"
              style="pointer-events: all;"
            >
              <span
                class="text"
              >
                Week 2
              </span>
            </div>
            <div
              aria-checked="false"
              aria-selected="false"
              class="item"
              role="option"
              style="pointer-events: all;"
            >
              <span
                class="text"
              >
                Week 3
              </span>
            </div>
            <div
              aria-checked="false"
              aria-selected="false"
              class="item"
              role="option"
              style="pointer-events: all;"
            >
              <span
                class="text"
              >
                Week 4
              </span>
            </div>
            <div
              aria-checked="false"
              aria-selected="false"
              class="item"
              role="option"
              style="pointer-events: all;"
            >
              <span
                class="text"
              >
                Week 5
              </span>
            </div>
            <div
              aria-checked="true"
              aria-selected="true"
              class="active selected item"
              role="option"
              style="pointer-events: all;"
            >
              <span
                class="text"
              >
                Week 6
              </span>
            </div>
            <div
              aria-checked="false"
              aria-selected="false"
              class="item"
              role="option"
              style="pointer-events: all;"
            >
              <span
                class="text"
              >
                Week 7
              </span>
            </div>
          </div>
        </div>
        <div
          class="copyForm"
        >
          <button
            class="ui disabled button"
            disabled=""
            tabindex="-1"
            type="button"
          >
            Copy checklist
          </button>
          <div
            aria-disabled="false"
            aria-expanded="false"
            class="ui selection dropdown weekDropdown"
            role="listbox"
            tabindex="0"
          >
            <div
              aria-atomic="true"
              aria-live="polite"
              class="divider default text"
              role="alert"
            >
              ...from another week
            </div>
            <i
              aria-hidden="true"
              class="dropdown icon"
            />
            <div
              class="menu transition"
            >
              <div
                aria-checked="false"
                aria-selected="true"
                class="selected item"
                role="option"
                style="pointer-events: all;"
              >
                <span
                  class="text"
                >
                  Week 1
                </span>
              </div>
              <div
                aria-checked="false"
                aria-selected="false"
                class="item"
                role="option"
                style="pointer-events: all;"
              >
                <span
                  class="text"
                >
                  Week 2
                </span>
              </div>
              <div
                aria-checked="false"
                aria-selected="false"
                class="item"
                role="option"
                style="pointer-events: all;"
              >
                <span
                  class="text"
                >
                  Week 3
                </span>
              </div>
              <div
                aria-checked="false"
                aria-selected="false"
                class="item"
                role="option"
                style="pointer-events: all;"
              >
                <span
                  class="text"
                >
                  Week 4
                </span>
              </div>
              <div
                aria-checked="false"
                aria-selected="false"
                class="item"
                role="option"
                style="pointer-events: all;"
              >
                <span
                  class="text"
                >
                  Week 5
                </span>
              </div>
              <div
                aria-checked="false"
                aria-selected="false"
                class="item"
                role="option"
                style="pointer-events: all;"
              >
                <span
                  class="text"
                >
                  Week 7
                </span>
              </div>
            </div>
          </div>
           
          <div
            aria-disabled="false"
            aria-expanded="false"
            class="ui selection dropdown courseDropdown"
            role="listbox"
            tabindex="0"
          >
            <div
              aria-atomic="true"
              aria-live="polite"
              class="divider default text"
              role="alert"
            >
              ...from another course
            </div>
            <i
              aria-hidden="true"
              class="dropdown icon"
            />
            <div
              class="menu transition"
            >
              <div
                aria-checked="false"
                aria-selected="true"
                class="selected item"
                role="option"
                style="pointer-events: all;"
              >
                <span
                  class="text"
                >
                  Ohjelmistotekniikan menetelmät (11.03.2018)
                </span>
              </div>
            </div>
          </div>
        </div>
        <div
          class="jsonButtons"
        >
          <button
            class="ui button"
          >
            Edit as JSON
          </button>
        </div>
      </div>
      <div>
        <form>
          <button
            class="ui green large disabled button saveButton"
            disabled=""
            tabindex="-1"
            type="submit"
          >
            <div
              class="saveButtonText"
            >
              Save
            </div>
          </button>
          <br />
          <br />
        </form>
        <div>
          <div
            class="ui red fluid card"
          >
            <div
              class="content"
            >
              <div
                class="ui brown huge header"
              >
                Koodi 
                <button
                  class="ui red tiny button deleteButton"
                  type="button"
                >
                  <div
                    class="deleteButtonText"
                  >
                    Delete topic
                  </div>
                </button>
                <button
                  class="ui blue circular icon button moveButton"
                  type="button"
                >
                  <i
                    aria-hidden="true"
                    class="arrow circle down icon"
                  />
                </button>
                <button
                  class="ui blue circular icon disabled button moveButton"
                  disabled=""
                  tabindex="-1"
                  type="button"
                >
                  <i
                    aria-hidden="true"
                    class="arrow circle up icon"
                  />
                </button>
              </div>
              <div>
                <p>
                  Total points for this section: 
                  <strong
                    class="bestPointsNumber"
                  >
                    2
                  </strong>
                  <span />
                </p>
              </div>
              <div
                class="prerequisiteCategory"
                style="margin-top: 1em;"
              >
                Set a prerequisite for all checks in this category: 
                <div
                  aria-expanded="false"
                  class="ui selection dropdown prerequisiteCategoryDropdown"
                  role="listbox"
                  tabindex="0"
                >
                  <div
                    aria-atomic="true"
                    aria-live="polite"
                    class="divider default text"
                    role="alert"
                  >
                    Select prerequisite...
                  </div>
                  <i
                    aria-hidden="true"
                    class="dropdown icon"
                  />
                  <div
                    class="menu transition"
                  >
                    <div
                      aria-checked="false"
                      aria-selected="true"
                      class="selected item"
                      role="option"
                      style="pointer-events: all;"
                    >
                      <span
                        class="text"
                      >
                        (none)
                      </span>
                    </div>
                    <div
                      aria-checked="false"
                      aria-selected="false"
                      class="item"
                      role="option"
                      style="pointer-events: all;"
                    >
                      <span
                        class="text"
                      >
                        Koodin laatu
                      </span>
                    </div>
                  </div>
                </div>
              </div>
            </div>
            <div
              class="content"
            >
              <div
                class="ui header"
              >
                Koodin laatu 
                <button
                  class="ui red tiny button deleteButton"
                  type="button"
                >
                  <div
                    class="deleteButtonText"
                  >
                    Delete checkbox
                  </div>
                </button>
                <button
                  class="ui blue circular icon disabled button moveButtonLarge"
                  disabled=""
                  tabindex="-1"
                  type="button"
                >
                  <i
                    aria-hidden="true"
                    class="arrow circle down icon"
                  />
                </button>
                <button
                  class="ui blue circular icon disabled button moveButtonLarge"
                  disabled=""
                  tabindex="-1"
                  type="button"
                >
                  <i
                    aria-hidden="true"
                    class="arrow circle up icon"
                  />
                </button>
              </div>
              <div
                class="checkTextRow"
              >
                <div
                  class="checkedLabel"
                >
                  <div
                    class="ui basic label"
                  >
                    Checked
                  </div>
                </div>
                <div
                  class="ui labeled input numberField"
                >
                  <div
                    class="ui label label"
                  >
                    Points
                  </div>
                  <input
                    step="0.01"
                    type="number"
                    value="2"
                  />
                </div>
                <span
                  style="flex-grow: 100;"
                >
                  <div
                    class="ui fluid labeled input textField"
                  >
                    <div
                      class="ui label label"
                    >
                      Text
                    </div>
                    <input
                      type="text"
                      value="Koodin laatu kiitettävää"
                    />
                  </div>
                </span>
              </div>
              <div
                class="checkTextRow"
              >
                <div
                  class="checkedLabel"
                >
                  <div
                    class="ui basic label"
                  >
                    Unchecked
                  </div>
                </div>
                <div
                  class="ui labeled input numberField"
                >
                  <div
                    class="ui label label"
                  >
                    Points
                  </div>
                  <input
                    step="0.01"
                    type="number"
                    value="0"
                  />
                </div>
                <span
                  style="flex-grow: 100;"
                >
                  <div
                    class="ui fluid labeled input textField"
                  >
                    <div
                      class="ui label label"
                    >
                      Text
                    </div>
                    <input
                      type="text"
                      value="Koodin laadussa parantamisen varaa"
                    />
                  </div>
                </span>
              </div>
              <div
                class="minimumRequirement"
                style="margin-top: 1em;"
              >
                <div
                  class="ui checkbox"
                >
                  <input
                    class="hidden"
                    readonly=""
                    tabindex="0"
                    type="checkbox"
                    value=""
                  />
                  <label>
                    Minimum requirement
                  </label>
                </div>
                , which should be 
                <div
                  class="ui disabled radio checkbox"
                >
                  <input
                    class="hidden"
                    disabled=""
                    name="minimumRequirementMetIf_Koodi_10001"
                    readonly=""
                    tabindex="-1"
                    type="radio"
                    value="true"
                  />
                  <label>
                    checked
                  </label>
                </div>
                 
                <div
                  class="ui disabled radio checkbox"
                >
                  <input
                    class="hidden"
                    disabled=""
                    name="minimumRequirementMetIf_Koodi_10001"
                    readonly=""
                    tabindex="-1"
                    type="radio"
                    value="false"
                  />
                  <label>
                    unchecked
                  </label>
                </div>
                , or else grade will drop by 
                <div
                  class="ui disabled input minimumRequirementGradePenalty"
                  style="width: 60px;"
                >
                  <input
                    disabled=""
                    max="5"
                    min="0"
                    step="1"
                    tabindex="-1"
                    type="number"
                    value=""
                  />
                </div>
              </div>
              <div
                class="prerequisite"
                style="margin-top: 1em;"
              >
                <div
                  class="ui label"
                >
                  Prerequisite
                </div>
                <div
                  aria-expanded="false"
                  class="ui selection dropdown prerequisiteDropdown"
                  role="listbox"
                  tabindex="0"
                >
                  <div
                    aria-atomic="true"
                    aria-live="polite"
                    class="divider default text"
                    role="alert"
                  >
                    (none)
                  </div>
                  <i
                    aria-hidden="true"
                    class="dropdown icon"
                  />
                  <div
                    class="menu transition"
                  >
                    <div
                      aria-checked="true"
                      aria-selected="true"
                      class="active selected item"
                      role="option"
                      style="pointer-events: all;"
                    >
                      <span
                        class="text"
                      >
                        (none)
                      </span>
                    </div>
                  </div>
                </div>
                <i
                  aria-hidden="true"
                  class="help circle icon"
                />
              </div>
            </div>
            <div
              class="content"
            >
              <form
                class="addForm"
              >
                <button
                  class="ui yellow icon left labeled button"
                  type="submit"
                >
                  <i
                    aria-hidden="true"
                    class="plus icon"
                  />
                  Add new checkbox
                </button>
                <div />
              </form>
            </div>
          </div>
          <div
            class="ui red fluid card"
            style="background-color: rgb(242, 242, 242);"
          >
            <div
              class="content"
            >
              <div
                class="ui brown huge header"
              >
                Repo 
                <button
                  class="ui red tiny button deleteButton"
                  type="button"
                >
                  <div
                    class="deleteButtonText"
                  >
                    Delete topic
                  </div>
                </button>
                <button
                  class="ui blue circular icon disabled button moveButton"
                  disabled=""
                  tabindex="-1"
                  type="button"
                >
                  <i
                    aria-hidden="true"
                    class="arrow circle down icon"
                  />
                </button>
                <button
                  class="ui blue circular icon button moveButton"
                  type="button"
                >
                  <i
                    aria-hidden="true"
                    class="arrow circle up icon"
                  />
                </button>
              </div>
              <div>
                <p>
                  Total points for this section: 
                  <strong
                    class="bestPointsNumber"
                  >
                    0
                  </strong>
                  <span />
                </p>
              </div>
              <div
                class="prerequisiteCategory"
                style="margin-top: 1em;"
              >
                Set a prerequisite for all checks in this category: 
                <div
                  aria-expanded="false"
                  class="ui selection dropdown prerequisiteCategoryDropdown"
                  role="listbox"
                  tabindex="0"
                >
                  <div
                    aria-atomic="true"
                    aria-live="polite"
                    class="divider default text"
                    role="alert"
                  >
                    Select prerequisite...
                  </div>
                  <i
                    aria-hidden="true"
                    class="dropdown icon"
                  />
                  <div
                    class="menu transition"
                  >
                    <div
                      aria-checked="false"
                      aria-selected="true"
                      class="selected item"
                      role="option"
                      style="pointer-events: all;"
                    >
                      <span
                        class="text"
                      >
                        (none)
                      </span>
                    </div>
                    <div
                      aria-checked="false"
                      aria-selected="false"
                      class="item"
                      role="option"
                      style="pointer-events: all;"
                    >
                      <span
                        class="text"
                      >
                        Readme kunnossa
                      </span>
                    </div>
                  </div>
                </div>
              </div>
            </div>
            <div
              class="content"
            >
              <div
                class="ui header"
              >
                Readme kunnossa 
                <button
                  class="ui red tiny button deleteButton"
                  type="button"
                >
                  <div
                    class="deleteButtonText"
                  >
                    Delete checkbox
                  </div>
                </button>
                <button
                  class="ui blue circular icon disabled button moveButtonLarge"
                  disabled=""
                  tabindex="-1"
                  type="button"
                >
                  <i
                    aria-hidden="true"
                    class="arrow circle down icon"
                  />
                </button>
                <button
                  class="ui blue circular icon disabled button moveButtonLarge"
                  disabled=""
                  tabindex="-1"
                  type="button"
                >
                  <i
                    aria-hidden="true"
                    class="arrow circle up icon"
                  />
                </button>
              </div>
              <div
                class="checkTextRow"
              >
                <div
                  class="checkedLabel"
                >
                  <div
                    class="ui basic label"
                  >
                    Checked
                  </div>
                </div>
                <div
                  class="ui labeled input numberField"
                >
                  <div
                    class="ui label label"
                  >
                    Points
                  </div>
                  <input
                    step="0.01"
                    type="number"
                    value="0"
                  />
                </div>
                <span
                  style="flex-grow: 100;"
                >
                  <div
                    class="ui fluid labeled input textField"
                  >
                    <div
                      class="ui label label"
                    >
                      Text
                    </div>
                    <input
                      type="text"
                      value=""
                    />
                  </div>
                </span>
              </div>
              <div
                class="checkTextRow"
              >
                <div
                  class="checkedLabel"
                >
                  <div
                    class="ui basic label"
                  >
                    Unchecked
                  </div>
                </div>
                <div
                  class="ui labeled input numberField"
                >
                  <div
                    class="ui label label"
                  >
                    Points
                  </div>
                  <input
                    step="0.01"
                    type="number"
                    value="-1"
                  />
                </div>
                <span
                  style="flex-grow: 100;"
                >
                  <div
                    class="ui fluid labeled input textField"
                  >
                    <div
                      class="ui label label"
                    >
                      Text
                    </div>
                    <input
                      type="text"
                      value="Readmessa feelua"
                    />
                  </div>
                </span>
              </div>
              <div
                class="minimumRequirement"
                style="margin-top: 1em;"
              >
                <div
                  class="ui checkbox"
                >
                  <input
                    class="hidden"
                    readonly=""
                    tabindex="0"
                    type="checkbox"
                    value=""
                  />
                  <label>
                    Minimum requirement
                  </label>
                </div>
                , which should be 
                <div
                  class="ui disabled radio checkbox"
                >
                  <input
                    class="hidden"
                    disabled=""
                    name="minimumRequirementMetIf_Repo_10002"
                    readonly=""
                    tabindex="-1"
                    type="radio"
                    value="true"
                  />
                  <label>
                    checked
                  </label>
                </div>
                 
                <div
                  class="ui disabled radio checkbox"
                >
                  <input
                    class="hidden"
                    disabled=""
                    name="minimumRequirementMetIf_Repo_10002"
                    readonly=""
                    tabindex="-1"
                    type="radio"
                    value="false"
                  />
                  <label>
                    unchecked
                  </label>
                </div>
                , or else grade will drop by 
                <div
                  class="ui disabled input minimumRequirementGradePenalty"
                  style="width: 60px;"
                >
                  <input
                    disabled=""
                    max="5"
                    min="0"
                    step="1"
                    tabindex="-1"
                    type="number"
                    value=""
                  />
                </div>
              </div>
              <div
                class="prerequisite"
                style="margin-top: 1em;"
              >
                <div
                  class="ui label"
                >
                  Prerequisite
                </div>
                <div
                  aria-expanded="false"
                  class="ui selection dropdown prerequisiteDropdown"
                  role="listbox"
                  tabindex="0"
                >
                  <div
                    aria-atomic="true"
                    aria-live="polite"
                    class="divider default text"
                    role="alert"
                  >
                    (none)
                  </div>
                  <i
                    aria-hidden="true"
                    class="dropdown icon"
                  />
                  <div
                    class="menu transition"
                  >
                    <div
                      aria-checked="true"
                      aria-selected="true"
                      class="active selected item"
                      role="option"
                      style="pointer-events: all;"
                    >
                      <span
                        class="text"
                      >
                        (none)
                      </span>
                    </div>
                  </div>
                </div>
                <i
                  aria-hidden="true"
                  class="help circle icon"
                />
              </div>
            </div>
            <div
              class="content"
            >
              <form
                class="addForm"
              >
                <button
                  class="ui yellow icon left labeled button"
                  type="submit"
                >
                  <i
                    aria-hidden="true"
                    class="plus icon"
                  />
                  Add new checkbox
                </button>
                <div />
              </form>
            </div>
          </div>
          <form
            class="addForm"
          >
            <button
              class="ui large icon left labeled button"
              type="submit"
            >
              <i
                aria-hidden="true"
                class="add icon"
              />
              Add new topic
            </button>
            <div />
          </form>
        </div>
        <div
          class="ui card maxPointsCard"
        >
          <div
            class="content"
          >
            <p>
              Total points of the checklist: 
              <strong
                class="totalPointsOfChecklist"
              >
                2
              </strong>
              <span>
                 
                <i
                  aria-hidden="true"
                  class="red delete large icon"
                />
              </span>
            </p>
          </div>
          <div
            class="content"
          >
            <p
              class="maxPointsForWeek"
            >
              Maximum points for this review: 
              <strong>
                3
              </strong>
            </p>
          </div>
        </div>
        <div>
          <div
            class="ui label"
          >
            Define maximum points yourself
          </div>
          <div
            class="ui input maxPointsInput"
            style="width: 100px;"
          >
            <input
              step="0.01"
              type="number"
              value=""
            />
          </div>
          <i
            aria-hidden="true"
            class="question circle icon"
          />
        </div>
        <form>
          <button
            class="ui green large disabled button saveButton"
            disabled=""
            tabindex="-1"
            type="submit"
          >
            <div
              class="saveButtonText"
            >
              Save
            </div>
          </button>
          <br />
          <br />
        </form>
      </div>
    </div>
  </div>
</DocumentFragment>
`;
