// Jest Snapshot v1, https://goo.gl/fbAQLP

exports[`<Login /> Login Component should render correctly 1`] = `
<div
  className="LoginPage"
  style={
    Object {
      "textAlign": "center",
      "textAlignVertical": "center",
    }
  }
>
  <p>
    Enter your University of Helsinki username and password.
  </p>
  <Form
    as="form"
  >
    <FormField>
      <label>
        Username:
        <FormInput
          as={[Function]}
          className="form-control1"
          control={[Function]}
          name="username"
          required={true}
          type="text"
        />
      </label>
      <label>
        Password:
        <FormInput
          as={[Function]}
          className="form-control2"
          control={[Function]}
          name="password"
          required={true}
          type="password"
        />
      </label>
    </FormField>
    <FormField>
      <Button
        as="button"
        type="submit"
      >
        Login
      </Button>
    </FormField>
  </Form>
</div>
`;
