// Jest Snapshot v1, https://goo.gl/fbAQLP

exports[`<Login /> LoginPage Component should render correctly 1`] = `
<div
  className="LoginPage"
>
  <Loader
    active={false}
    inline="centered"
  />
  <Grid>
    <GridRow
      centered={true}
    >
      <h3>
        Enter your University of Helsinki username and password
      </h3>
    </GridRow>
  </Grid>
  <Grid>
    <GridRow
      centered={true}
    >
      <Form
        as="form"
        onSubmit={[Function]}
      >
        <FormGroup
          inline={true}
        >
          <label
            style={
              Object {
                "width": "75px",
              }
            }
          >
            Username
          </label>
          <Input
            className="form-control1"
            icon="user"
            iconPosition="left"
            name="username"
            placeholder="Your AD-username"
            required="true"
            style={
              Object {
                "minWidth": "25em",
              }
            }
            type="text"
          />
        </FormGroup>
        <FormGroup
          inline={true}
        >
          <label
            style={
              Object {
                "width": "75px",
              }
            }
          >
            Password
          </label>
          <Input
            className="form-control2"
            icon="lock"
            iconPosition="left"
            name="password"
            placeholder="Your password"
            required="true"
            style={
              Object {
                "minWidth": "25em",
              }
            }
            type="password"
          />
        </FormGroup>
        <FormGroup>
          <Button
            as="button"
            color="blue"
            role="button"
            type="submit"
          >
            Login
          </Button>
        </FormGroup>
      </Form>
    </GridRow>
  </Grid>
</div>
`;
