// Jest Snapshot v1, https://goo.gl/fbAQLP

exports[`<MassEmailPage /> MassEmailPage Component should render correctly 1`] = `
<div
  style={
    Object {
      "overflow": "auto",
    }
  }
>
  <div
    className="TeacherMassEmailPart"
  >
    <Header
      as="h2"
    >
      Send email to students 
    </Header>
    <div
      style={
        Object {
          "textAlign": "left",
        }
      }
    >
      <span>
        Filter by instructor 
      </span>
      <Dropdown
        additionLabel="Add "
        additionPosition="top"
        closeOnBlur={true}
        deburr={false}
        defaultValue={0}
        fluid={true}
        icon="dropdown"
        minCharacters={1}
        noResultsMessage="No results found."
        onChange={[Function]}
        openOnFocus={true}
        options={Array []}
        placeholder="Select Teacher"
        renderLabel={[Function]}
        searchInput="text"
        selectOnBlur={true}
        selectOnNavigation={true}
        selection={true}
        style={
          Object {
            "display": "inline",
          }
        }
        wrapSelection={true}
      />
      <span>
         Tag filters: 
      </span>
      <span>
        <Label>
          none
        </Label>
      </span>
    </div>
    <Form
      as="form"
      onSubmit={[Function]}
    >
      <HorizontalScrollable>
        <Table
          as="table"
          celled={true}
          compact={true}
          style={
            Object {
              "overflowX": "visible",
            }
          }
          unstackable={true}
        >
          <TableHeader
            as="thead"
          >
            <TableRow
              as="tr"
              cellAs="td"
            >
              <TableHeaderCell
                as="th"
                key="-1"
              >
                Send?
              </TableHeaderCell>
              <TableHeaderCell
                as="th"
              >
                Student
              </TableHeaderCell>
              <TableHeaderCell
                as="th"
              >
                id
              </TableHeaderCell>
              <TableHeaderCell
                as="th"
              >
                email
              </TableHeaderCell>
              <TableHeaderCell
                as="th"
              >
                Project Info
              </TableHeaderCell>
              <TableHeaderCell
                as="th"
                width="six"
              >
                 Instructor 
              </TableHeaderCell>
            </TableRow>
          </TableHeader>
          <TableBody
            as="tbody"
          >
            <TableRow
              as="tr"
              cellAs="td"
              className="TableRowForActiveStudents"
              key="10012"
            >
              <TableCell
                as="td"
              >
                <FormCheckbox
                  as={[Function]}
                  control={[Function]}
                  name="send10012"
                />
              </TableCell>
              <TableCell
                as="td"
              >
                Johan Wilhelm
                 
                Studerande
              </TableCell>
              <TableCell
                as="td"
              >
                <span>
                  014553242
                </span>
              </TableCell>
              <TableCell
                as="td"
              >
                <a
                  href="mailto:johan.studerande@helsinki.fi"
                >
                  johan.studerande@helsinki.fi
                </a>
              </TableCell>
              <TableCell
                as="td"
              >
                <span>
                  Tiran toinen labraprojekti
                  <br />
                  <a
                    href="http://github.com/tiralabra2"
                    rel="noopener noreferrer"
                    target="_blank"
                  >
                    http://github.com/tiralabra2
                  </a>
                  <div
                    key="20001"
                  >
                    <Button
                      as="button"
                      className="mini ui red button"
                      compact={true}
                      floated="left"
                      onClick={[Function]}
                      role="button"
                    >
                      Javascript
                    </Button>
                  </div>
                </span>
              </TableCell>
              <TableCell
                as="td"
              >
                <span>
                  not assigned
                </span>
              </TableCell>
            </TableRow>
            <TableRow
              as="tr"
              cellAs="td"
              className="TableRowForActiveStudents"
              key="10031"
            >
              <TableCell
                as="td"
              >
                <FormCheckbox
                  as={[Function]}
                  control={[Function]}
                  name="send10031"
                />
              </TableCell>
              <TableCell
                as="td"
              >
                Teräs
                 
                Henkilö
              </TableCell>
              <TableCell
                as="td"
              >
                <span>
                  014666666
                </span>
              </TableCell>
              <TableCell
                as="td"
              >
                <a
                  href="mailto:teras.henkilo@helsinki.fi"
                >
                  teras.henkilo@helsinki.fi
                </a>
              </TableCell>
              <TableCell
                as="td"
              >
                <span>
                  Tira super projekti
                  <br />
                  <a
                    href="http://github.com/superprojekti"
                    rel="noopener noreferrer"
                    target="_blank"
                  >
                    http://github.com/superprojekti
                  </a>
                  <div
                    key="20008"
                  >
                    <Button
                      as="button"
                      className="mini ui grey button"
                      compact={true}
                      floated="left"
                      onClick={[Function]}
                      role="button"
                    >
                      DROPPED
                    </Button>
                  </div>
                  <div
                    key="20002"
                  >
                    <Button
                      as="button"
                      className="mini ui yellow button"
                      compact={true}
                      floated="left"
                      onClick={[Function]}
                      role="button"
                    >
                      HTML
                    </Button>
                  </div>
                </span>
              </TableCell>
              <TableCell
                as="td"
              >
                <span>
                  not assigned
                </span>
              </TableCell>
            </TableRow>
            <TableRow
              as="tr"
              cellAs="td"
              className="TableRowForActiveStudents"
              key="10011"
            >
              <TableCell
                as="td"
              >
                <FormCheckbox
                  as={[Function]}
                  control={[Function]}
                  name="send10011"
                />
              </TableCell>
              <TableCell
                as="td"
              >
                Maarit Mirja
                 
                Opiskelija
              </TableCell>
              <TableCell
                as="td"
              >
                <span>
                  014578343
                </span>
              </TableCell>
              <TableCell
                as="td"
              >
                <a
                  href="mailto:maarit.opiskelija@helsinki.fi"
                >
                  maarit.opiskelija@helsinki.fi
                </a>
              </TableCell>
              <TableCell
                as="td"
              >
                <span>
                  Tiran labraprojekti
                  <br />
                  <a
                    href="http://github.com/tiralabra1"
                    rel="noopener noreferrer"
                    target="_blank"
                  >
                    http://github.com/tiralabra1
                  </a>
                </span>
              </TableCell>
              <TableCell
                as="td"
              >
                <span>
                  not assigned
                </span>
              </TableCell>
            </TableRow>
          </TableBody>
        </Table>
      </HorizontalScrollable>
      <br />
      <FormTextArea
        as={[Function]}
        control={[Function]}
        defaultValue=""
        name="content"
        placeholder="Type email here..."
        required={true}
      />
      <Button
        as="button"
        content="Send"
        role="button"
        type="submit"
      />
      <br />
      <br />
      <Link
        replace={false}
        to="/labtool/courses/undefined"
      >
        <Button
          as="button"
          className="ui button"
          role="button"
          type="cancel"
        >
          Cancel
        </Button>
      </Link>
    </Form>
    <br />
  </div>
</div>
`;
