// Vitest Snapshot v1, https://vitest.dev/guide/snapshot.html

exports[`<MassEmailPage /> > MassEmailPage Component > should render correctly 1`] = `
<DocumentFragment>
  <div
    style="overflow-x: auto; overflow-y: hidden;"
  >
    <div
      class="TeacherMassEmailPart"
    >
      <h2
        class="ui header"
      >
        Send email to students 
      </h2>
      <button
        class="ui button"
        style="margin-bottom: 8px;"
      >
        Select all active students
      </button>
      <form
        class="ui form"
      >
        <div
          style="text-align: left;"
        >
          <span>
            <span>
              Filter by instructor: 
            </span>
            <div
              aria-expanded="false"
              class="ui selection scrolling dropdown"
              role="listbox"
              style="width: 23em;"
              tabindex="0"
            >
              <div
                aria-atomic="true"
                aria-live="polite"
                class="divider text"
                role="alert"
              >
                no filter
              </div>
              <i
                aria-hidden="true"
                class="dropdown icon"
              />
              <div
                class="menu transition"
              >
                <div
                  aria-checked="true"
                  aria-selected="true"
                  class="active selected item"
                  role="option"
                  style="pointer-events: all;"
                >
                  <span
                    class="text"
                  >
                    no filter
                  </span>
                </div>
                <div
                  aria-checked="false"
                  aria-selected="false"
                  class="item"
                  role="option"
                  style="pointer-events: all;"
                >
                  <span
                    class="text"
                  >
                    (unassigned)
                  </span>
                </div>
                <div
                  aria-checked="false"
                  aria-selected="false"
                  class="item"
                  role="option"
                  style="pointer-events: all;"
                >
                  <span
                    class="text"
                  >
                    Ossi Ohjaaja Mutikainen
                  </span>
                </div>
              </div>
            </div>
          </span>
          <span>
             Tag filters: 
          </span>
          <span>
            <div
              class="ui label"
            >
              none
            </div>
          </span>
        </div>
        <br />
        <div
          style="overflow-x: scroll; overflow-y: visible;"
        >
          <table
            class="ui celled single line unstackable compact table"
            style="overflow-x: visible;"
          >
            <thead
              class=""
            >
              <tr
                class=""
              >
                <th
                  class=""
                >
                  <div>
                    <i
                      aria-hidden="true"
                      class="exchange small link icon"
                      id="selectInvert"
                      style="margin-bottom: 1.75em; margin-left: 0.2em;"
                    />
                  </div>
                  <div
                    class="ui fitted checkbox"
                  >
                    <input
                      class="hidden"
                      id="selectAll"
                      readonly=""
                      tabindex="0"
                      type="checkbox"
                      value=""
                    />
                    <label
                      for="selectAll"
                    />
                  </div>
                </th>
                <th
                  class=""
                >
                  Student
                </th>
                <th
                  class=""
                >
                  Project Info
                </th>
                <th
                  class="six wide"
                >
                  Instructor
                </th>
              </tr>
            </thead>
            <tbody
              class=""
            >
              <tr
                class="TableRowForActiveStudent"
              >
                <td
                  class=""
                >
                  <div
                    class="ui checked fitted checkbox"
                  >
                    <input
                      checked=""
                      class="hidden"
                      id="select10011"
                      readonly=""
                      tabindex="0"
                      type="checkbox"
                      value=""
                    />
                    <label
                      for="select10011"
                    />
                  </div>
                </td>
                <td
                  class=""
                >
                  <span>
                    Maarit Mirja Opiskelija
                    <br />
                    (014578343)
                  </span>
                </td>
                <td
                  class=""
                >
                  <span>
                    Tiran labraprojekti
                    <br />
                    <a
                      href="http://github.com/tiralabra1"
                      rel="noopener noreferrer"
                      target="_blank"
                    >
                      <i
                        aria-hidden="true"
                        class="black github icon"
                      />
                      tiralabra1
                    </a>
                    <div />
                  </span>
                </td>
                <td
                  class=""
                >
                  <span>
                    Ossi Ohjaaja Mutikainen
                  </span>
                </td>
              </tr>
              <tr
                class="TableRowForDroppedOutStudent"
              >
                <td
                  class=""
                >
                  <div
                    class="ui fitted checkbox"
                  >
                    <input
                      class="hidden"
                      id="select10031"
                      readonly=""
                      tabindex="0"
                      type="checkbox"
                      value=""
                    />
                    <label
                      for="select10031"
                    />
                  </div>
                </td>
                <td
                  class=""
                >
                  <span>
                    Teräs Henkilö
                    <br />
                    (014666666)
                  </span>
                </td>
                <td
                  class=""
                >
                  <span>
                    Tira super projekti
                    <br />
                    <a
                      href="http://github.com/superprojekti"
                      rel="noopener noreferrer"
                      target="_blank"
                    >
                      <i
                        aria-hidden="true"
                        class="black github icon"
                      />
                      superprojekti
                    </a>
                    <div>
                      <span
                        style="float: left; margin-right: 0.33em;"
                      >
                        <div
                          class="ui buttons mini"
                        >
                          <button
                            class="ui grey mini compact button"
                            style="display: inline-block;"
                            type="button"
                          >
                            <p>
                              DROPPED
                            </p>
                          </button>
                        </div>
                      </span>
                      <span
                        style="float: left; margin-right: 0.33em;"
                      >
                        <div
                          class="ui buttons mini"
                        >
                          <button
                            class="ui yellow mini compact button"
                            style="display: inline-block;"
                            type="button"
                          >
                            <p>
                              HTML
                            </p>
                          </button>
                        </div>
                      </span>
                    </div>
                  </span>
                </td>
                <td
                  class=""
                >
                  <span>
                    Ossi Ohjaaja Mutikainen
                  </span>
                </td>
              </tr>
            </tbody>
          </table>
        </div>
        <br />
        <br />
        <div
          class="required field"
        >
          <textarea
            name="content"
            placeholder="Type email here..."
            required=""
            rows="3"
          />
        </div>
        <div
          class="field"
        >
          <div
            class="ui checked checkbox"
          >
            <input
              checked=""
              class="hidden"
              name="sendToInstructors"
              readonly=""
              tabindex="0"
              type="checkbox"
              value=""
            />
            <label>
              Send a copy to all instructors
            </label>
          </div>
        </div>
        <button
          class="ui button ui green button"
          type="submit"
        >
          Send
        </button>
        <br />
        <br />
        <a
          href="/labtool/courses/TKT20010.2018.K.A.1"
        >
          <button
            class="ui button ui button"
            type="cancel"
          >
            Cancel
          </button>
        </a>
      </form>
      <br />
    </div>
    <br />
    <br />
    <br />
    <br />
    <br />
    <br />
    <br />
  </div>
</DocumentFragment>
`;
