// Vitest Snapshot v1, https://vitest.dev/guide/snapshot.html

exports[`<ModifyCourseInstancePage /> > matches the rendered snapshot 1`] = `
<form
  class="ui form"
>
  <div
    class="inline fields"
  >
    <label
      style="width: 125px; text-align: left;"
    >
      Week amount
    </label>
    <div
      class="ui input form-control1"
      style="max-width: 7em;"
    >
      <input
        max="30"
        min="1"
        name="weekAmount"
        required=""
        type="number"
        value="7"
      />
    </div>
  </div>
  <div
    class="inline fields"
  >
    <label
      style="width: 125px; text-align: left;"
    >
      Default maximum week points
    </label>
    <div
      class="ui input form-control2"
      style="max-width: 7em;"
    >
      <input
        min="0"
        name="weekMaxPoints"
        required=""
        type="number"
        value="2"
      />
    </div>
  </div>
  <div
    class="inline fields"
  >
    <label
      style="width: 125px; text-align: left;"
    >
      Current week
    </label>
    <div
      aria-expanded="false"
      class="ui fluid selection dropdown weekDropdown"
      required=""
      role="listbox"
      style="max-width: 12em;"
      tabindex="0"
    >
      <div
        aria-atomic="true"
        aria-live="polite"
        class="divider text"
        role="alert"
      >
        Week 1
      </div>
      <i
        aria-hidden="true"
        class="dropdown icon"
      />
      <div
        class="menu transition"
      >
        <div
          aria-checked="true"
          aria-selected="true"
          class="active selected item"
          role="option"
          style="pointer-events: all;"
        >
          <span
            class="text"
          >
            Week 1
          </span>
        </div>
        <div
          aria-checked="false"
          aria-selected="false"
          class="item"
          role="option"
          style="pointer-events: all;"
        >
          <span
            class="text"
          >
            Week 2
          </span>
        </div>
        <div
          aria-checked="false"
          aria-selected="false"
          class="item"
          role="option"
          style="pointer-events: all;"
        >
          <span
            class="text"
          >
            Week 3
          </span>
        </div>
        <div
          aria-checked="false"
          aria-selected="false"
          class="item"
          role="option"
          style="pointer-events: all;"
        >
          <span
            class="text"
          >
            Week 4
          </span>
        </div>
        <div
          aria-checked="false"
          aria-selected="false"
          class="item"
          role="option"
          style="pointer-events: all;"
        >
          <span
            class="text"
          >
            Week 5
          </span>
        </div>
        <div
          aria-checked="false"
          aria-selected="false"
          class="item"
          role="option"
          style="pointer-events: all;"
        >
          <span
            class="text"
          >
            Week 6
          </span>
        </div>
        <div
          aria-checked="false"
          aria-selected="false"
          class="item"
          role="option"
          style="pointer-events: all;"
        >
          <span
            class="text"
          >
            Week 7
          </span>
        </div>
      </div>
    </div>
  </div>
  <div
    class="inline fields"
  >
    <label
      style="width: 125px; text-align: left;"
    >
      Link to courses.helsinki.fi
    </label>
    <div
      class="ui input form-control4"
      style="min-width: 26em;"
    >
      <input
        name="coursesPage"
        type="url"
        value=""
      />
    </div>
  </div>
  <div
    class="inline fields"
  >
    <label
      style="width: 125px; text-align: left;"
    >
      Link to course material
    </label>
    <div
      class="ui input form-control5"
      style="min-width: 26em;"
    >
      <input
        name="courseMaterial"
        type="url"
        value=""
      />
    </div>
  </div>
  <div
    class="inline fields"
  >
    <label
      style="width: 125px; text-align: left;"
    >
      Visible code reviews
    </label>
    <div
      class="ui segment crCheckboxes"
      style="overflow: auto; max-height: 200px;"
    >
      <div
        class="cr1"
      >
        <div
          class="ui vertical segment"
        >
          <div
            class="ui checked checkbox"
          >
            <input
              checked=""
              class="hidden"
              readonly=""
              tabindex="0"
              type="checkbox"
              value=""
            />
            <label>
              Code Review 1
            </label>
          </div>
        </div>
      </div>
      <div
        class="cr2"
      >
        <div
          class="ui vertical segment"
        >
          <div
            class="ui checkbox"
          >
            <input
              class="hidden"
              readonly=""
              tabindex="0"
              type="checkbox"
              value=""
            />
            <label>
              Code Review 2
            </label>
          </div>
        </div>
      </div>
    </div>
  </div>
  <div
    class="inline fields"
  >
    <div
      class="ui checkbox"
      style="width: 150px; text-align: left;"
    >
      <input
        class="hidden"
        name="finalReview"
        readonly=""
        tabindex="0"
        type="checkbox"
        value=""
      />
      <label>
        Course has a final review
      </label>
    </div>
  </div>
  <div
    class="inline fields"
  >
    <div
      class="ui disabled checkbox"
      style="width: 150px; text-align: left;"
    >
      <input
        class="hidden"
        disabled=""
        name="finalReviewHasPoints"
        readonly=""
        tabindex="-1"
        type="checkbox"
        value=""
      />
      <label>
        Points are given for final review
      </label>
    </div>
  </div>
  <div
    class="inline fields"
  >
    <div
      class="ui checked checkbox"
      style="width: 150px; text-align: left;"
    >
      <input
        checked=""
        class="hidden"
        name="courseActive"
        readonly=""
        tabindex="0"
        type="checkbox"
        value=""
      />
      <label>
        Course registration is active
      </label>
    </div>
  </div>
  <div
    class="fields"
    style="display: inline-block; margin-left: auto; margin-right: auto;"
  >
    <button
      class="ui green huge button"
      type="Submit"
    >
      Save
    </button>
    <a
      href="/labtool/courses/TKT20011.2018.K.A.1"
    >
      <button
        class="ui red huge button"
        type="Cancel"
      >
        Cancel
      </button>
    </a>
  </div>
</form>
`;
