// Jest Snapshot v1, https://goo.gl/fbAQLP

exports[`<Register /> Register Component should render correctly 1`] = `
<div
  className="RegisterPage"
  style={
    Object {
      "textAlign": "center",
      "textAlignVertical": "center",
    }
  }
>
  <Grid>
    <GridRow
      centered={true}
    >
      <h3>
        Register for *kurssin nimi*
      </h3>
    </GridRow>
  </Grid>
  <Grid>
    <GridRow
      centered={true}
    >
      <Form
        as="form"
      >
        <FormField
          inline={true}
        >
          <label>
             Project name 
          </label>
          <Input
            className="form-control1"
            name="project name"
            placeholder="MyProjectName"
            required={true}
            style={
              Object {
                "minWidth": "20em",
              }
            }
            type="text"
          />
        </FormField>
        <FormField
          inline={true}
        >
          <label>
             GitHub link 
          </label>
          <Input
            className="form-control2"
            name="github"
            placeholder="https://github.com/myaccount/myrepo"
            required={true}
            style={
              Object {
                "minWidth": "20em",
              }
            }
            type="url"
          />
        </FormField>
        <FormField>
          <button
            className="ui left floated blue button"
            type="submit"
          >
            Submit
          </button>
          <button
            className="ui right floated button"
          >
            <Link
              replace={false}
              to="/coursepage"
            >
              Cancel
            </Link>
          </button>
        </FormField>
      </Form>
    </GridRow>
  </Grid>
</div>
`;
