// Vitest Snapshot v1, https://vitest.dev/guide/snapshot.html

exports[`<Register /> > RegisterPage Component > matches the rendered snapshot 1`] = `
<DocumentFragment>
  <div
    class="RegisterPage"
    style="text-align: center;"
  >
    <div
      class="ui centered inline loader"
    />
    <div
      class="ui grid"
    >
      <div
        class="centered row"
      >
        <div>
          <h3>
            Register for Aineopintojen harjoitustyö: Tietorakenteet ja algoritmit
          </h3>
        </div>
      </div>
    </div>
    <div
      class="ui grid"
    >
      <div
        class="centered row"
      >
        <form
          class="ui form Register"
        >
          <div
            class="inline fields"
          >
            <label
              style="width: 100px; text-align: left;"
            >
              Project name
            </label>
            <div
              class="ui left icon input form-control1"
              style="min-width: 30em;"
            >
              <input
                name="projectName"
                placeholder="MyProjectName"
                required=""
                type="text"
                value=""
              />
              <i
                aria-hidden="true"
                class="rocket icon"
              />
            </div>
          </div>
          <div
            class="inline fields"
          >
            <label
              style="width: 100px; text-align: left;"
            >
              GitHub link
            </label>
            <div
              class="ui left icon input form-control2"
              style="min-width: 30em;"
            >
              <input
                name="github"
                required=""
                type="url"
                value="https://github.com"
              />
              <i
                aria-hidden="true"
                class="github icon"
              />
            </div>
          </div>
          <div
            class="field"
          >
            <button
              class="ui left floated blue button"
              type="submit"
            >
               Submit
            </button>
            <a
              href="/labtool/courses/TKT20010.2018.K.A.1"
            >
               
              <button
                class="ui right floated button"
                type="button"
              >
                Cancel
              </button>
            </a>
          </div>
        </form>
      </div>
    </div>
  </div>
</DocumentFragment>
`;
