// Jest Snapshot v1, https://goo.gl/fbAQLP

exports[`<ReviewStudentCodeReviews /> ReviewStudentCodeReview Component should render correctly 1`] = `
<Fragment>
  <DocumentTitle
    title="Review code review - Maarit Mirja Opiskelija"
  />
  <div
    className="ReviewStudentCodeReview"
  >
    <Connect(BackButton)
      text="Back to student reviews"
      to="/labtool/browsereviews/TKT20010.2018.K.A.1/10011"
    />
    <div
      style={
        Object {
          "textAlign": "center",
          "textAlignVertical": "center",
        }
      }
    >
      <h2>
         
        Aineopintojen harjoitustyö: Tietorakenteet ja algoritmit
      </h2>
      <h3>
         
        Maarit Mirja
         
        Opiskelija
      </h3>
      <h3>
        Code Review 
        1
      </h3>
      <Grid>
        <GridRow
          columns={2}
        >
          <GridColumn>
            <div
              align="left"
            >
              <h3>
                Points so far: 
                <Points
                  points={11}
                />
                 
              </h3>
              Earlier code review points: 
              <Points
                points={0}
              />
              <br />
              Week points: 
              <Points
                points={11}
              />
            </div>
            <h3>
              Project to review
            </h3>
            <RepoLink
              url="http://github.com/tiralabra2"
            />
            <h3>
              Link to code review
            </h3>
            <p>
              <a
                href="http://github.com/tiralabra2/issues/1"
                rel="noopener noreferrer"
                target="_blank"
              >
                http://github.com/tiralabra2/issues/1
              </a>
            </p>
            <h2>
              Review
            </h2>
            <Form
              as="form"
              onSubmit={[Function]}
            >
              <FormGroup
                inline={true}
                unstackable={true}
              >
                <FormField>
                  <label
                    className="showMaxPoints"
                  >
                    Points
                    0-4
                  </label>
                  <Input
                    name="points"
                    onChange={[Function]}
                    required={true}
                    step="0.01"
                    style={
                      Object {
                        "align": "center",
                        "width": "150px",
                      }
                    }
                    type="number"
                    value=""
                  />
                </FormField>
              </FormGroup>
              <FormField>
                <Button
                  as="button"
                  className="ui center floated green button"
                  type="submit"
                >
                  Save
                </Button>
                <Link
                  to="/labtool/browsereviews/TKT20010.2018.K.A.1/10011"
                  type="Cancel"
                >
                  <Button
                    as="button"
                    className="ui center floated button"
                    onClick={[Function]}
                    type="cancel"
                  >
                    Cancel
                  </Button>
                </Link>
              </FormField>
            </Form>
          </GridColumn>
          <ReviewStudentChecklist
            checklist={
              Object {
                "courseInstanceId": 10011,
                "courseName": "Aineopintojen harjoitustyö: Tietorakenteet ja algoritmit",
                "createdAt": "2018-03-26T00:00:00.000Z",
                "forCodeReview": true,
                "id": 20003,
                "list": Object {
                  "Algoritmit": Array [
                    Object {
                      "id": 2,
                      "name": "Algoritmin runko",
                      "points": 2,
                      "prerequisite": null,
                      "textWhenOff": "Algoritmin runko puuttuu",
                      "textWhenOn": "Algoritmin runko luotu",
                    },
                    Object {
                      "id": 3,
                      "name": "Tietorakenteita luotu",
                      "points": 2,
                      "prerequisite": null,
                      "textWhenOff": "Tietorakenteita ei ole luotu",
                      "textWhenOn": "Tietorakenteita luotu",
                    },
                  ],
                  "Dokumentaatio": Array [
                    Object {
                      "id": 4,
                      "name": "Readme",
                      "points": 1,
                      "prerequisite": null,
                      "textWhenOff": "README puuttuu",
                      "textWhenOn": "README kunnossa",
                    },
                    Object {
                      "id": 5,
                      "name": "Tuntikirjanpito",
                      "points": 1,
                      "prerequisite": null,
                      "textWhenOff": "Tuntikirjanpito puuttuu",
                      "textWhenOn": "Tuntikirjanpito täytetty oikein",
                    },
                  ],
                  "Koodi": Array [
                    Object {
                      "id": 1,
                      "name": "Koodin laatu",
                      "points": 2,
                      "prerequisite": null,
                      "textWhenOff": "Koodin laadussa parantamisen varaa",
                      "textWhenOn": "Koodi tehty laadukkaasti ja sisältää kommentteja",
                    },
                  ],
                },
                "master": false,
                "maxPoints": 4,
                "updatedAt": "2018-03-26T00:00:00.000Z",
              }
            }
            checklistPoints={NaN}
            checks={Object {}}
            copyChecklistOutput={[Function]}
            isChecked={[Function]}
            kind="code review"
            showOutput={false}
            toggleCheckbox={[Function]}
          />
        </GridRow>
      </Grid>
    </div>
  </div>
</Fragment>
`;
