// Vitest Snapshot v1, https://vitest.dev/guide/snapshot.html

exports[`<Email /> > matches the rendered snapshot 1`] = `
<DocumentFragment>
  <div
    class="Email"
    style="text-align: center;"
  >
    <div
      class="ui centered inline loader"
    />
    <div
      class="ui centered grid"
    >
      <div>
        <div
          class="row"
        >
          <h3>
            Please give your email address: 
          </h3>
        </div>
      </div>
      <div
        class="row"
      >
        <form
          class="ui form"
        >
          <div
            class="field"
          >
            <div
              class="field form-control"
            >
              <div
                class="ui left icon input"
                style="min-width: 20em;"
              >
                <input
                  name="email"
                  placeholder="my.email@helsinki.fi"
                  type="email"
                  value=""
                />
                <i
                  aria-hidden="true"
                  class="mail icon"
                />
              </div>
            </div>
          </div>
          <div
            class="field"
          >
            <button
              class="ui left floated green button"
              type="submit"
            >
              Save
            </button>
            <div />
          </div>
        </form>
      </div>
    </div>
  </div>
</DocumentFragment>
`;
