// Jest Snapshot v1, https://goo.gl/fbAQLP

exports[`<StudentTable /> StudentTable Component should render correctly 1`] = `
<Fragment>
  <div
    style={
      Object {
        "textAlign": "left",
      }
    }
  >
    <span>
      <span>
        Filter by instructor: 
      </span>
      <Dropdown
        additionLabel="Add "
        additionPosition="top"
        closeOnBlur={true}
        closeOnEscape={true}
        deburr={false}
        defaultValue={0}
        icon="dropdown"
        minCharacters={1}
        noResultsMessage="No results found."
        onChange={[Function]}
        openOnFocus={true}
        options={Array []}
        placeholder="Select Teacher"
        renderLabel={[Function]}
        scrolling={true}
        searchInput="text"
        selectOnBlur={true}
        selectOnNavigation={true}
        selection={true}
        style={
          Object {
            "width": "3em",
          }
        }
        wrapSelection={true}
      />
    </span>
    <span>
       Tag filters: 
    </span>
    <span>
      <span
        key="20001"
      >
        <Button
          as="button"
          className="mini ui red button basic"
          compact={true}
          onClick={[Function]}
        >
          Javascript
        </Button>
      </span>
      <span
        key="20002"
      >
        <Button
          as="button"
          className="mini ui yellow button basic"
          compact={true}
          onClick={[Function]}
        >
          HTML
        </Button>
      </span>
      <span
        key="20008"
      >
        <Button
          as="button"
          className="mini ui grey button basic"
          compact={true}
          onClick={[Function]}
        >
          DROPPED
        </Button>
      </span>
    </span>
  </div>
  <br />
  <Connect(HorizontalScrollable)>
    <Table
      as="table"
      celled={true}
      compact={true}
      singleLine={true}
      style={
        Object {
          "overflowX": "visible",
        }
      }
      unstackable={true}
    >
      <TableHeader
        as="thead"
      >
        <TableRow
          as="tr"
          cellAs="td"
        >
          <TableHeaderCell
            as="th"
            key="-1"
          >
            Student
          </TableHeaderCell>
          <TableHeaderCell
            as="th"
          >
            Project Info
          </TableHeaderCell>
          <TableHeaderCell
            as="th"
            width="six"
          >
            Instructor
          </TableHeaderCell>
        </TableRow>
      </TableHeader>
      <TableBody
        as="tbody"
      >
        <TableRow
          as="tr"
          cellAs="td"
          className="TableRowForActiveStudent"
          key="10012"
        >
          <TableCell
            as="td"
            key="studentinfo"
          >
            <span>
              Johan Wilhelm
               
              Studerande
              <br />
              (
              014553242
              )
            </span>
          </TableCell>
          <TableCell
            as="td"
            key="projectinfo"
          >
            <span>
              Tiran toinen labraprojekti
              <br />
              <a
                href="http://github.com/tiralabra2"
                rel="noopener noreferrer"
                target="_blank"
              >
                <Icon
                  as="i"
                  color="black"
                  name="github"
                />
                tiralabra2
              </a>
              <div
                key="10012:20001"
              >
                <ButtonGroup
                  className="mini"
                >
                  <Button
                    as="button"
                    className="mini ui red button"
                    compact={true}
                    floated="left"
                    onClick={[Function]}
                  >
                    Javascript
                  </Button>
                </ButtonGroup>
              </div>
            </span>
          </TableCell>
          <TableCell
            as="td"
            key="instructor"
          >
            <span>
              not assigned
            </span>
          </TableCell>
        </TableRow>
        <TableRow
          as="tr"
          cellAs="td"
          className="TableRowForActiveStudent"
          key="10031"
        >
          <TableCell
            as="td"
            key="studentinfo"
          >
            <span>
              Teräs
               
              Henkilö
              <br />
              (
              014666666
              )
            </span>
          </TableCell>
          <TableCell
            as="td"
            key="projectinfo"
          >
            <span>
              Tira super projekti
              <br />
              <a
                href="http://github.com/superprojekti"
                rel="noopener noreferrer"
                target="_blank"
              >
                <Icon
                  as="i"
                  color="black"
                  name="github"
                />
                superprojekti
              </a>
              <div
                key="10031:20008"
              >
                <ButtonGroup
                  className="mini"
                >
                  <Button
                    as="button"
                    className="mini ui grey button"
                    compact={true}
                    floated="left"
                    onClick={[Function]}
                  >
                    DROPPED
                  </Button>
                </ButtonGroup>
              </div>
              <div
                key="10031:20002"
              >
                <ButtonGroup
                  className="mini"
                >
                  <Button
                    as="button"
                    className="mini ui yellow button"
                    compact={true}
                    floated="left"
                    onClick={[Function]}
                  >
                    HTML
                  </Button>
                </ButtonGroup>
              </div>
            </span>
          </TableCell>
          <TableCell
            as="td"
            key="instructor"
          >
            <span>
              not assigned
            </span>
          </TableCell>
        </TableRow>
        <TableRow
          as="tr"
          cellAs="td"
          className="TableRowForActiveStudent"
          key="10011"
        >
          <TableCell
            as="td"
            key="studentinfo"
          >
            <span>
              Maarit Mirja
               
              Opiskelija
              <br />
              (
              014578343
              )
            </span>
          </TableCell>
          <TableCell
            as="td"
            key="projectinfo"
          >
            <span>
              Tiran labraprojekti
              <br />
              <a
                href="http://github.com/tiralabra1"
                rel="noopener noreferrer"
                target="_blank"
              >
                <Icon
                  as="i"
                  color="black"
                  name="github"
                />
                tiralabra1
              </a>
            </span>
          </TableCell>
          <TableCell
            as="td"
            key="instructor"
          >
            <span>
              not assigned
            </span>
          </TableCell>
        </TableRow>
      </TableBody>
    </Table>
  </Connect(HorizontalScrollable)>
</Fragment>
`;
